
Sep 21 14:31:27 localhost kernel: memblock_reserve: [0x000000024dfe8000-0x000000024dfe8fff] __alloc_memory_core_early+0x84/0xac

ep 21 14:31:27 localhost kernel: memblock_reserve: [0x000000024dfe7f80-0x000000024dfe7fc8] __alloc_memory_core_early+0x84/0xac
Sep 21 14:31:27 localhost kernel: smpboot: Allowing 4 CPUs, 0 hotplug CPUs
Sep 21 14:31:27 localhost kernel: memblock_reserve: [0x000000024dfe7f00-0x000000024dfe7f4a] __alloc_memory_core_early+0x84/0xac
Sep 21 14:31:27 localhost kernel: memblock_reserve: [0x000000024dfe7ac0-0x000000024dfe7eff] __alloc_memory_core_early+0x84/0xac
Sep 21 14:31:27 localhost kernel: memblock_virt_alloc_try_nid: 104 bytes align=0x0 nid=-1 from=0x0 max_addr=0x0 firmware_map_add_early+0x26/0x4c
Sep 21 14:31:27 localhost kernel: memblock_reserve: [0x000000024dfe7a40-0x000000024dfe7aa7] memblock_virt_alloc_internal+0xc4/0x14f
Sep 21 14:31:27 localhost kernel: memblock_virt_alloc_try_nid: 104 bytes align=0x0 nid=-1 from=0x0 max_addr=0x0 firmware_map_add_early+0x26/0x4c
Sep 21 14:31:27 localhost kernel: memblock_reserve: [0x000000024dfe79c0-0x000000024dfe7a27] memblock_virt_alloc_internal+0xc4/0x14f
Sep 21 14:31:27 localhost kernel: memblock_virt_alloc_try_nid: 104 bytes align=0x0 nid=-1 from=0x0 max_addr=0x0 firmware_map_add_early+0x26/0x4c
Sep 21 14:31:27 localhost kernel: memblock_reserve: [0x000000024dfe7940-0x000000024dfe79a7] memblock_virt_alloc_internal+0xc4/0x14f
Sep 21 14:31:27 localhost kernel: memblock_virt_alloc_try_nid: 104 bytes align=0x0 nid=-1 from=0x0 max_addr=0x0 firmware_map_add_early+0x26/0x4c
Sep 21 14:31:27 localhost kernel: memblock_reserve: [0x000000024dfe78c0-0x000000024dfe7927] memblock_virt_alloc_internal+0xc4/0x14f
Sep 21 14:31:27 localhost kernel: memblock_virt_alloc_try_nid: 104 bytes align=0x0 nid=-1 from=0x0 max_addr=0x0 firmware_map_add_early+0x26/0x4c
Sep 21 14:31:27 localhost kernel: memblock_reserve: [0x000000024dfe7840-0x000000024dfe78a7] memblock_virt_alloc_internal+0xc4/0x14f
Sep 21 14:31:27 localhost kernel: memblock_virt_alloc_try_nid: 104 bytes align=0x0 nid=-1 from=0x0 max_addr=0x0 firmware_map_add_early+0x26/0x4c
Sep 21 14:31:27 localhost kernel: memblock_reserve: [0x000000024dfe77c0-0x000000024dfe7827] memblock_virt_alloc_internal+0xc4/0x14f
Sep 21 14:31:27 localhost kernel: memblock_virt_alloc_try_nid: 104 bytes align=0x0 nid=-1 from=0x0 max_addr=0x0 firmware_map_add_early+0x26/0x4c
Sep 21 14:31:27 localhost kernel: memblock_reserve: [0x000000024dfe7740-0x000000024dfe77a7] memblock_virt_alloc_internal+0xc4/0x14f
Sep 21 14:31:27 localhost kernel: memblock_virt_alloc_try_nid: 104 bytes align=0x0 nid=-1 from=0x0 max_addr=0x0 firmware_map_add_early+0x26/0x4c
Sep 21 14:31:27 localhost kernel: memblock_reserve: [0x000000024dfe76c0-0x000000024dfe7727] memblock_virt_alloc_internal+0xc4/0x14f
Sep 21 14:31:27 localhost kernel: memblock_virt_alloc_try_nid: 104 bytes align=0x0 nid=-1 from=0x0 max_addr=0x0 firmware_map_add_early+0x26/0x4c
Sep 21 14:31:27 localhost kernel: memblock_reserve: [0x000000024dfe7640-0x000000024dfe76a7] memblock_virt_alloc_internal+0xc4/0x14f
Sep 21 14:31:27 localhost kernel: memblock_virt_alloc_try_nid: 104 bytes align=0x0 nid=-1 from=0x0 max_addr=0x0 firmware_map_add_early+0x26/0x4c
Sep 21 14:31:27 localhost kernel: memblock_reserve: [0x000000024dfe75c0-0x000000024dfe7627] memblock_virt_alloc_internal+0xc4/0x14f
Sep 21 14:31:27 localhost kernel: memblock_virt_alloc_try_nid: 104 bytes align=0x0 nid=-1 from=0x0 max_addr=0x0 firmware_map_add_early+0x26/0x4c
Sep 21 14:31:27 localhost kernel: memblock_reserve: [0x000000024dfe7540-0x000000024dfe75a7] memblock_virt_alloc_internal+0xc4/0x14f
Sep 21 14:31:27 localhost kernel: memblock_virt_alloc_try_nid: 104 bytes align=0x0 nid=-1 from=0x0 max_addr=0x0 firmware_map_add_early+0x26/0x4c
Sep 21 14:31:27 localhost kernel: memblock_reserve: [0x000000024dfe74c0-0x000000024dfe7527] memblock_virt_alloc_internal+0xc4/0x14f
Sep 21 14:31:27 localhost kernel: memblock_virt_alloc_try_nid: 104 bytes align=0x0 nid=-1 from=0x0 max_addr=0x0 firmware_map_add_early+0x26/0x4c
Sep 21 14:31:27 localhost kernel: memblock_reserve: [0x000000024dfe7440-0x000000024dfe74a7] memblock_virt_alloc_internal+0xc4/0x14f
Sep 21 14:31:27 localhost kernel: memblock_virt_alloc_try_nid: 104 bytes align=0x0 nid=-1 from=0x0 max_addr=0x0 firmware_map_add_early+0x26/0x4c
Sep 21 14:31:27 localhost kernel: memblock_reserve: [0x000000024dfe73c0-0x000000024dfe7427] memblock_virt_alloc_internal+0xc4/0x14f
Sep 21 14:31:27 localhost kernel: memblock_virt_alloc_try_nid: 104 bytes align=0x0 nid=-1 from=0x0 max_addr=0x0 firmware_map_add_early+0x26/0x4c
Sep 21 14:31:27 localhost kernel: memblock_reserve: [0x000000024dfe7340-0x000000024dfe73a7] memblock_virt_alloc_internal+0xc4/0x14f
Sep 21 14:31:27 localhost kernel: memblock_virt_alloc_try_nid: 32 bytes align=0x0 nid=-1 from=0x0 max_addr=0x0 __register_nosave_region+0x74/0xdd
Sep 21 14:31:27 localhost kernel: memblock_reserve: [0x000000024dfe7300-0x000000024dfe731f] memblock_virt_alloc_internal+0xc4/0x14f
Sep 21 14:31:27 localhost kernel: PM: Registered nosave memory: [mem 0x00000000-0x00000fff]
Sep 21 14:31:27 localhost kernel: memblock_virt_alloc_try_nid: 32 bytes align=0x0 nid=-1 from=0x0 max_addr=0x0 __register_nosave_region+0x74/0xdd
Sep 21 14:31:27 localhost kernel: memblock_reserve: [0x000000024dfe72c0-0x000000024dfe72df] memblock_virt_alloc_internal+0xc4/0x14f

ep 21 14:31:27 localhost kernel: memblock_virt_alloc_try_nid: 32 bytes align=0x0 nid=-1 from=0x0 max_addr=0x0 __register_nosave_region+0x74/0xdd
Sep 21 14:31:27 localhost kernel: memblock_reserve: [0x000000024dfe72c0-0x000000024dfe72df] memblock_virt_alloc_internal+0xc4/0x14f
Sep 21 14:31:27 localhost kernel: PM: Registered nosave memory: [mem 0x00090000-0x00090fff]
Sep 21 14:31:27 localhost kernel: PM: Registered nosave memory: [mem 0x00091000-0x0009ffff]
Sep 21 14:31:27 localhost kernel: PM: Registered nosave memory: [mem 0x000a0000-0x000dffff]
Sep 21 14:31:27 localhost kernel: PM: Registered nosave memory: [mem 0x000e0000-0x000fffff]
Sep 21 14:31:27 localhost kernel: memblock_virt_alloc_try_nid: 32 bytes align=0x0 nid=-1 from=0x0 max_addr=0x0 __register_nosave_region+0x74/0xdd
Sep 21 14:31:27 localhost kernel: memblock_reserve: [0x000000024dfe7280-0x000000024dfe729f] memblock_virt_alloc_internal+0xc4/0x14f
Sep 21 14:31:27 localhost kernel: PM: Registered nosave memory: [mem 0x9d08d000-0x9d08dfff]
Sep 21 14:31:27 localhost kernel: PM: Registered nosave memory: [mem 0x9d08e000-0xab6ebfff]
Sep 21 14:31:27 localhost kernel: PM: Registered nosave memory: [mem 0xab6ec000-0xab739fff]
Sep 21 14:31:27 localhost kernel: PM: Registered nosave memory: [mem 0xab73a000-0xabef3fff]
Sep 21 14:31:27 localhost kernel: PM: Registered nosave memory: [mem 0xabef4000-0xac5fffff]
Sep 21 14:31:27 localhost kernel: PM: Registered nosave memory: [mem 0xac600000-0xadffffff]
Sep 21 14:31:27 localhost kernel: PM: Registered nosave memory: [mem 0xae000000-0xafffffff]
Sep 21 14:31:27 localhost kernel: PM: Registered nosave memory: [mem 0xb0000000-0xefffffff]
Sep 21 14:31:27 localhost kernel: PM: Registered nosave memory: [mem 0xf0000000-0xf7ffffff]
Sep 21 14:31:27 localhost kernel: PM: Registered nosave memory: [mem 0xf8000000-0xfdffffff]
Sep 21 14:31:27 localhost kernel: PM: Registered nosave memory: [mem 0xfe000000-0xfe010fff]
Sep 21 14:31:27 localhost kernel: PM: Registered nosave memory: [mem 0xfe011000-0xfebfffff]
Sep 21 14:31:27 localhost kernel: PM: Registered nosave memory: [mem 0xfec00000-0xfec00fff]
Sep 21 14:31:27 localhost kernel: PM: Registered nosave memory: [mem 0xfec01000-0xfedfffff]
Sep 21 14:31:27 localhost kernel: PM: Registered nosave memory: [mem 0xfee00000-0xfee00fff]
Sep 21 14:31:27 localhost kernel: PM: Registered nosave memory: [mem 0xfee01000-0xfeffffff]
Sep 21 14:31:27 localhost kernel: PM: Registered nosave memory: [mem 0xff000000-0xffffffff]
Sep 21 14:31:27 localhost kernel: e820: [mem 0xb0000000-0xefffffff] available for PCI devices

Sep 21 14:44:29 localhost kernel: setup_percpu: NR_CPUS:512 nr_cpumask_bits:512 nr_cpu_ids:4 nr_node_ids:1
Sep 21 14:31:27 localhost kernel: percpu: Embedded 39 pages/cpu @ffff92528dc00000 s121240 r8192 d30312 u524288
Sep 21 14:31:27 localhost kernel: memblock_virt_alloc_try_nid: 8 bytes align=0x0 nid=-1 from=0x0 max_addr=0x0 pcpu_setup_first_chunk+0x310/0x6a9
Sep 21 14:31:27 localhost kernel: memblock_reserve: [0x000000024dfe4f40-0x000000024dfe4f47] memblock_virt_alloc_internal+0xc4/0x14f
Sep 21 14:31:27 localhost kernel: memblock_virt_alloc_try_nid: 8 bytes align=0x0 nid=-1 from=0x0 max_addr=0x0 pcpu_setup_first_chunk+0x320/0x6a9
Sep 21 14:31:27 localhost kernel: memblock_reserve: [0x000000024dfe4f00-0x000000024dfe4f07] memblock_virt_alloc_internal+0xc4/0x14f
Sep 21 14:31:27 localhost kernel: memblock_virt_alloc_try_nid: 16 bytes align=0x0 nid=-1 from=0x0 max_addr=0x0 pcpu_setup_first_chunk+0x332/0x6a9
Sep 21 14:31:27 localhost kernel: memblock_reserve: [0x000000024dfe4ec0-0x000000024dfe4ecf] memblock_virt_alloc_internal+0xc4/0x14f
Sep 21 14:31:27 localhost kernel: memblock_virt_alloc_try_nid: 32 bytes align=0x0 nid=-1 from=0x0 max_addr=0x0 pcpu_setup_first_chunk+0x344/0x6a9
Sep 21 14:31:27 localhost kernel: memblock_reserve: [0x000000024dfe4e80-0x000000024dfe4e9f] memblock_virt_alloc_internal+0xc4/0x14f
Sep 21 14:31:27 localhost kernel: pcpu-alloc: s121240 r8192 d30312 u524288 alloc=1*2097152
Sep 21 14:31:27 localhost kernel: pcpu-alloc: [0] 0 1 2 3 
Sep 21 14:31:27 localhost kernel: memblock_virt_alloc_try_nid: 304 bytes align=0x0 nid=-1 from=0x0 max_addr=0x0 pcpu_setup_first_chunk+0x602/0x6a9
Sep 21 14:31:27 localhost kernel: memblock_reserve: [0x000000024dfe4d40-0x000000024dfe4e6f] memblock_virt_alloc_internal+0xc4/0x14f
Sep 21 14:31:27 localhost kernel: memblock_virt_alloc_try_nid: 105 bytes align=0x0 nid=-1 from=0x0 max_addr=0x0 pcpu_alloc_first_chunk+0x6a/0x215
Sep 21 14:31:27 localhost kernel: memblock_reserve: [0x000000024dfe4cc0-0x000000024dfe4d28] memblock_virt_alloc_internal+0xc4/0x14f
Sep 21 14:31:27 localhost kernel: memblock_virt_alloc_try_nid: 384 bytes align=0x0 nid=-1 from=0x0 max_addr=0x0 pcpu_alloc_first_chunk+0xa5/0x215
Sep 21 14:31:27 localhost kernel: memblock_reserve: [0x000000024dfe4b40-0x000000024dfe4cbf] memblock_virt_alloc_internal+0xc4/0x14f
Sep 21 14:31:27 localhost kernel: memblock_virt_alloc_try_nid: 392 bytes align=0x0 nid=-1 from=0x0 max_addr=0x0 pcpu_alloc_first_chunk+0xc1/0x215
Sep 21 14:31:27 localhost kernel: memblock_reserve: [0x000000024dfe4980-0x000000024dfe4b07] memblock_virt_alloc_internal+0xc4/0x14f
Sep 21 14:31:27 localhost kernel: memblock_virt_alloc_try_nid: 60 bytes align=0x0 nid=-1 from=0x0 max_addr=0x0 pcpu_alloc_first_chunk+0xd2/0x215
Sep 21 14:31:27 localhost kernel: memblock_reserve: [0x000000024dfe4940-0x000000024dfe497b] memblock_virt_alloc_internal+0xc4/0x14f
Sep 21 14:31:27 localhost kernel: memblock_virt_alloc_try_nid: 105 bytes align=0x0 nid=-1 from=0x0 max_addr=0x0 pcpu_alloc_first_chunk+0x6a/0x215
Sep 21 14:31:27 localhost kernel: memblock_reserve: [0x000000024dfe48c0-0x000000024dfe4928] memblock_virt_alloc_internal+0xc4/0x14f
Sep 21 14:31:27 localhost kernel: memblock_virt_alloc_try_nid: 1024 bytes align=0x0 nid=-1 from=0x0 max_addr=0x0 pcpu_alloc_first_chunk+0xa5/0x215
Sep 21 14:31:27 localhost kernel: memblock_reserve: [0x000000024dfe44c0-0x000000024dfe48bf] memblock_virt_alloc_internal+0xc4/0x14f
Sep 21 14:31:27 localhost kernel: memblock_virt_alloc_try_nid: 1032 bytes align=0x0 nid=-1 from=0x0 max_addr=0x0 pcpu_alloc_first_chunk+0xc1/0x215
Sep 21 14:31:27 localhost kernel: memblock_reserve: [0x000000024dfe4080-0x000000024dfe4487] memblock_virt_alloc_internal+0xc4/0x14f
Sep 21 14:31:27 localhost kernel: memblock_virt_alloc_try_nid: 160 bytes align=0x0 nid=-1 from=0x0 max_addr=0x0 pcpu_alloc_first_chunk+0xd2/0x215
Sep 21 14:31:27 localhost kernel: memblock_reserve: [0x000000024dfe3fc0-0x000000024dfe405f] memblock_virt_alloc_internal+0xc4/0x14f
Sep 21 14:31:27 localhost kernel: __memblock_free_early: [0x0000024dfe5f80-0x0000024dfe6f7f] pcpu_embed_first_chunk+0x29c/0x2e5
Sep 21 14:31:27 localhost kernel: __memblock_free_early: [0x0000024dfe4f80-0x0000024dfe5f7f] pcpu_embed_first_chunk+0x2d4/0x2e5

Sep 21 14:31:27 localhost kernel: Built 1 zonelists, mobility grouping on.  Total pages: 1979716
Sep 21 14:31:27 localhost kernel: Policy zone: Normal



Sep 21 14:31:27 localhost kernel: memblock_virt_alloc_try_nid_nopanic: 32768 bytes align=0x0 nid=-1 from=0x0 max_addr=0x0 alloc_large_system_hash+0x15c/0x24d
Sep 21 14:31:27 localhost kernel: memblock_reserve: [0x000000024dfdbfc0-0x000000024dfe3fbf] memblock_virt_alloc_internal+0xc4/0x14f
Sep 21 14:31:27 localhost kernel: PID hash table entries: 4096 (order: 3, 32768 bytes)
Sep 21 14:31:27 localhost kernel: memblock_virt_alloc_try_nid_nopanic: 67108864 bytes align=0x1000 nid=-1 from=0x0 max_addr=0xffffffff swiotlb_init+0x46/0xa5
Sep 21 14:31:27 localhost kernel: memblock_reserve: [0x000000009908d000-0x000000009d08cfff] memblock_virt_alloc_internal+0xc4/0x14f
Sep 21 14:31:27 localhost kernel: memblock_virt_alloc_try_nid_nopanic: 32768 bytes align=0x1000 nid=-1 from=0x0 max_addr=0xffffffff swiotlb_init_with_tbl+0x60/0x172
Sep 21 14:31:27 localhost kernel: memblock_reserve: [0x0000000099085000-0x000000009908cfff] memblock_virt_alloc_internal+0xc4/0x14f
Sep 21 14:31:27 localhost kernel: memblock_virt_alloc_try_nid: 131072 bytes align=0x1000 nid=-1 from=0x0 max_addr=0x0 swiotlb_init_with_tbl+0xc4/0x172
Sep 21 14:31:27 localhost kernel: memblock_reserve: [0x000000024dfbb000-0x000000024dfdafff] memblock_virt_alloc_internal+0xc4/0x14f
Sep 21 14:31:27 localhost kernel: memblock_virt_alloc_try_nid: 262144 bytes align=0x1000 nid=-1 from=0x0 max_addr=0x0 swiotlb_init_with_tbl+0xf3/0x172
Sep 21 14:31:27 localhost kernel: memblock_reserve: [0x000000024df7b000-0x000000024dfbafff] memblock_virt_alloc_internal+0xc4/0x14f

Sep 21 14:31:27 localhost kernel: Memory: 4855188K/8044656K available (7654K kernel code, 1385K rwdata, 3324K rodata, 1912K init, 1356K bss, 221868K reserved, 0K cma-reserved)
Sep 21 14:31:27 localhost kernel: ftrace: allocating 32802 entries in 129 pages


Sep 21 14:44:29 localhost kernel: zone_batchsize: batch: 3
Sep 21 14:44:29 localhost kernel: zone_batchsize: batch: 0 rounded
Sep 21 14:44:29 localhost kernel: zone_batchsize: batch: 3
Sep 21 14:44:29 localhost kernel: zone_batchsize: batch: 0 rounded
Sep 21 14:44:29 localhost kernel: zone_batchsize: batch: 3
Sep 21 14:44:29 localhost kernel: zone_batchsize: batch: 0 rounded
Sep 21 14:44:29 localhost kernel: zone_batchsize: batch: 3
Sep 21 14:44:29 localhost kernel: zone_batchsize: batch: 0 rounded
Sep 21 14:44:29 localhost kernel: zone_batchsize: batch: 128
Sep 21 14:44:29 localhost kernel: zone_batchsize: batch: 31 rounded
Sep 21 14:44:29 localhost kernel: zone_batchsize: batch: 128
Sep 21 14:44:29 localhost kernel: zone_batchsize: batch: 31 rounded
Sep 21 14:44:29 localhost kernel: zone_batchsize: batch: 128
Sep 21 14:44:29 localhost kernel: zone_batchsize: batch: 31 rounded
Sep 21 14:44:29 localhost kernel: zone_batchsize: batch: 128
Sep 21 14:44:29 localhost kernel: zone_batchsize: batch: 31 rounded
Sep 21 14:44:29 localhost kernel: zone_batchsize: batch: 128
Sep 21 14:44:29 localhost kernel: zone_batchsize: batch: 31 rounded
Sep 21 14:44:29 localhost kernel: zone_batchsize: batch: 128
Sep 21 14:44:29 localhost kernel: zone_batchsize: batch: 31 rounded
Sep 21 14:44:29 localhost kernel: zone_batchsize: batch: 128
Sep 21 14:44:29 localhost kernel: zone_batchsize: batch: 31 rounded
Sep 21 14:44:29 localhost kernel: zone_batchsize: batch: 128
Sep 21 14:44:29 localhost kernel: zone_batchsize: batch: 31 rounded


Sep 21 14:31:27 localhost kernel: Last level iTLB entries: 4KB 64, 2MB 8, 4MB 8
Sep 21 14:31:27 localhost kernel: Last level dTLB entries: 4KB 64, 2MB 0, 4MB 0, 1GB 4
Sep 21 14:31:27 localhost kernel: Freeing SMP alternatives memory: 32K

Sep 21 14:31:27 localhost kernel: x86/mm: Memory block size: 128MB

Sep 21 14:31:27 localhost kernel: HugeTLB registered 1.00 GiB page size, pre-allocated 0 pages
Sep 21 14:31:27 localhost kernel: HugeTLB registered 2.00 MiB page size, pre-allocated 0 pages


Sep 21 14:31:27 localhost kernel: e820: reserve RAM buffer [mem 0x00090800-0x0009ffff]
Sep 21 14:31:27 localhost kernel: e820: reserve RAM buffer [mem 0x9d08d000-0x9fffffff]
Sep 21 14:31:27 localhost kernel: e820: reserve RAM buffer [mem 0x24e000000-0x24fffffff]	(80MB)


Sep 21 14:31:27 localhost kernel: system 00:06: [mem 0xfed10000-0xfed17fff] has been reserved
Sep 21 14:31:27 localhost kernel: system 00:06: [mem 0xfed18000-0xfed18fff] has been reserved
Sep 21 14:31:27 localhost kernel: system 00:06: [mem 0xfed19000-0xfed19fff] has been reserved
Sep 21 14:31:27 localhost kernel: system 00:06: [mem 0xf0000000-0xf7ffffff] has been reserved
Sep 21 14:31:27 localhost kernel: system 00:06: [mem 0xfed20000-0xfed3ffff] has been reserved
Sep 21 14:31:27 localhost kernel: system 00:06: [mem 0xfed90000-0xfed93fff] could not be reserved
Sep 21 14:31:27 localhost kernel: system 00:06: [mem 0xfed45000-0xfed8ffff] has been reserved
Sep 21 14:31:27 localhost kernel: system 00:06: [mem 0xff000000-0xffffffff] has been reserved
Sep 21 14:31:27 localhost kernel: system 00:06: [mem 0xfee00000-0xfeefffff] could not be reserved
Sep 21 14:31:27 localhost kernel: system 00:06: [mem 0xeffe0000-0xefffffff] has been reserved
Sep 21 14:31:27 localhost kernel: system 00:06: Plug and Play ACPI device, IDs PNP0c02 (active)
Sep 21 14:31:27 localhost kernel: system 00:07: [mem 0xfd000000-0xfdabffff] has been reserved
Sep 21 14:31:27 localhost kernel: system 00:07: [mem 0xfdad0000-0xfdadffff] has been reserved
Sep 21 14:31:27 localhost kernel: system 00:07: [mem 0xfdb00000-0xfdffffff] has been reserved
Sep 21 14:31:27 localhost kernel: system 00:07: [mem 0xfe000000-0xfe01ffff] could not be reserved
Sep 21 14:31:27 localhost kernel: system 00:07: [mem 0xfe036000-0xfe03bfff] has been reserved
Sep 21 14:31:27 localhost kernel: system 00:07: [mem 0xfe03d000-0xfe3fffff] has been reserved
Sep 21 14:31:27 localhost kernel: system 00:07: [mem 0xfe410000-0xfe7fffff] has been reserved
Sep 21 14:31:27 localhost kernel: system 00:07: Plug and Play ACPI device, IDs PNP0c02 (active)
Sep 21 14:31:27 localhost kernel: system 00:08: [io  0xff00-0xfffe] has been reserved
Sep 21 14:31:27 localhost kernel: system 00:08: Plug and Play ACPI device, IDs PNP0c02 (active)
Sep 21 14:31:27 localhost kernel: system 00:09: [mem 0xfe029000-0xfe029fff] has been reserved
Sep 21 14:31:27 localhost kernel: system 00:09: [mem 0xfe028000-0xfe028fff] has been reserved
Sep 21 14:31:27 localhost kernel: system 00:09: [mem 0xfdaf0000-0xfdafffff] has been reserved
Sep 21 14:31:27 localhost kernel: system 00:09: [mem 0xfdae0000-0xfdaeffff] has been reserved
Sep 21 14:31:27 localhost kernel: system 00:09: [mem 0xfdac0000-0xfdacffff] has been reserved



